// Jest Snapshot v1, https://goo.gl/fbAQLP

exports[`Aboutpage component snapshot test renders correctly 1`] = `
<div
  className="sc-bdVaJa bg-light-green flex flex-column items-center justify-between pt4 pb5 ph4 montserrat w-100 fePDys"
>
  <div
    id="what-is-audrey"
  >
    <h2
      className="f2 pink tc"
    >
      What is Audrey?
    </h2>
    <p
      className="sc-jzJRlG montserrat f5 tc lh-copy etWKQu"
    >
      Audrey matches readers with listeners to read thought-provoking books aloud together, sparking interesting conversations and creating meaningful relationships.
    </p>
  </div>
  <div
    id="who-for"
  >
    <h2
      className="f2 pink tc"
    >
      Who is it for?
    </h2>
    <p
      className="sc-jzJRlG montserrat f5 tc lh-copy etWKQu"
    >
      Anyone who enjoys reading, would like to develop a sense of connectedness with someone new, and values other people’s perspectives.
    </p>
  </div>
  <div
    id="who-with"
  >
    <h2
      className="f2 pink tc"
    >
      Who do I read with?
    </h2>
    <p
      className="sc-jzJRlG montserrat f5 tc lh-copy etWKQu"
    >
      From within our community, we’ll take care to identify a reading partner we think you’ll connect well with. Someone with some shared interests to you.
    </p>
  </div>
</div>
`;
