// Jest Snapshot v1, https://goo.gl/fbAQLP

exports[`Form2 page snapshot test renders correctly 1`] = `
Array [
  <header
    className="sc-bdVaJa flex items-center justify-between ph3 pv2 montserrat white bg-green w-100 f3 gzTCKs"
  >
    <div
      className="flex items-center"
      id="header-left"
    >
      <Link
        to="/"
      >
        <img
          alt="book icon"
          className="h2 ph2"
          src="test-file-stub"
        />
      </Link>
      <Link
        to="/"
      >
        Audrey
      </Link>
    </div>
    <nav
      className="sc-bwzfXH w-65 w-40-l montserrat f4 gQAWUv"
    >
      <section
        className="sc-htpNat montserrat bRYTxq"
      >
        <Link
          to="/story/"
        >
          Why?
        </Link>
        <Link
          to="/faq/"
        >
          FAQ
        </Link>
        <Link
          to="/contact/"
        >
          Contact
        </Link>
        <Link
          className="mv2 white br2 ba bw1 b--white"
          to="/Form1"
        >
          Join Us
        </Link>
      </section>
      <section
        className="sc-bxivhb igYaY"
      >
        <a
          className="dtc fr tr v-mid dn-ns p0-ns link dim white"
          onClick={[Function]}
        >
          <span
            className="db w2 mt1 mb2 bw2 pb2 bt bb b--white"
          />
          <span
            className="db w2 mt1 bw2 pb1 bt b--white"
          />
        </a>
      </section>
    </nav>
  </header>,
  <div
    className="flex flex-column items-center justify-center page-padding ph4"
  >
    <h1
      className="f2 pink tc montserrat mb3 mt4"
    >
      Further Details
    </h1>
    <section
      className="sc-dxgOiQ b--green cGznzi"
    >
      <Link
        to="/Form1/"
      >
        <section
          className="sc-gqjmRU flex items-center fl w-third montserrat bg-moon-gray fw4 f5 mb3 bypQGG"
        >
          1. Basic Details
        </section>
      </Link>
      <section
        className="sc-VigVT fl w-third bg-green montserrat ehcWMy sc-gqjmRU flex items-center fl w-third montserrat bg-moon-gray fw4 f5 mb3 bypQGG"
      >
        2. Further Details
      </section>
      <Link
        to="/Form3/"
      >
        <section
          className="sc-gqjmRU flex items-center fl w-third montserrat bg-moon-gray fw4 f5 mb3 bypQGG"
        >
          3. Your Bio
        </section>
      </Link>
      <p
        className="sc-kAzzGY montserrat f5 tc lh-copy jdrnSq"
      >
        In order to find the best reading partner for you, we need a little bit more information
      </p>
      <form
        action="http://localhost:5000/formPart1"
        method="POST"
      >
        <label
          className="sc-htoDjs pink montserrat fw9 f5 pv2 kGbKV"
        >
          Gender
        </label>
        <section
          className="sc-fjdhpX montserrat fw4 f5 pv2 eQHpIT"
        >
          <input
            className="sc-jzJRlG fsyDfV"
            name="Male"
            type="radio"
            value="Male"
          />
          <span
            className="sc-cSHVUG bVIEwX"
          >
            Male
          </span>
        </section>
        <section
          className="sc-fjdhpX montserrat fw4 f5 pv2 eQHpIT"
        >
          <input
            className="sc-jzJRlG fsyDfV"
            name="Female"
            type="radio"
            value="Female"
          />
          <span
            className="sc-cSHVUG bVIEwX"
          >
            Female
          </span>
        </section>
        <section
          className="sc-fjdhpX montserrat fw4 f5 pv2 eQHpIT"
        >
          <input
            className="sc-jzJRlG fsyDfV"
            name="Prefer not to say"
            type="radio"
            value="Prefer not to say"
          />
          <span
            className="sc-cSHVUG bVIEwX"
          >
            Prefer not to say
          </span>
        </section>
        <label
          className="sc-htoDjs pink montserrat fw9 f5 pv2 kGbKV"
        >
          Age
        </label>
        <input
          className="sc-gzVnrw montserrat mv2 pa2 w-100 ildXbv"
          placeholder="Age"
        />
        <label
          className="sc-htoDjs pink montserrat fw9 f5 pv2 kGbKV"
        >
          Location
        </label>
        <input
          className="sc-gzVnrw montserrat mv2 pa2 w-100 ildXbv"
          placeholder="Country"
        />
        <label
          className="sc-htoDjs pink montserrat fw9 f5 pv2 kGbKV"
        >
          Time Zone
        </label>
        <select
          className="sc-jTzLTM montserrat w-100  mv2 pa2 w-90 gFxkFW"
        >
          <option
            value="-12"
          >
            (GMT-12:00) International Date Line West
          </option>
          <option
            value="-11"
          >
            (GMT-11:00) Midway Island, Samoa
          </option>
          <option
            value="-10"
          >
            (GMT-10:00) Hawaii
          </option>
          <option
            value="-9"
          >
            (GMT-09:00) Alaska
          </option>
          <option
            value="-8"
          >
            (GMT-08:00) Pacific Time (US & Canada), Tijuana
          </option>
          <option
            value="-7"
          >
            (GMT-07:00) Mountain Time (US & Canada),Arizona
          </option>
          <option
            value="-6"
          >
            (GMT-06:00) Central Time, Mexico City, Central America
          </option>
          <option
            value="-5"
          >
            (GMT-05:00) Eastern Time (US & Canada), Lima, Bogota, Quito
          </option>
          <option
            value="-4"
          >
            (GMT-04:00) Atlantic Time (Canada), Caracus, Santiago
          </option>
          <option
            value="-3.5"
          >
            (GMT-03:30) Newfoundland
          </option>
          <option
            value="-3"
          >
            (GMT-03:00) Buenos Aires, Montevideo, Greenland, Brasilia
          </option>
          <option
            value="-2"
          >
            (GMT-02:00) Mid-Atlantic
          </option>
          <option
            value="-1"
          >
            (GMT-01:00) Azores, Cape Verde Is.
          </option>
          <option
            selected="selected"
            value="0"
          >
            (GMT+00:00) Greenwich Mean Time : Dublin, Edinburgh, Lisbon, London
          </option>
          <option
            value="1"
          >
            (GMT+01:00) Amsterdam, Paris, Brussels, Rome, Berlin, Madrid
          </option>
          <option
            value="2"
          >
            (GMT+02:00) Amman
          </option>
          <option
            value="2"
          >
            (GMT+02:00) Athens, Amman, Beirut, Bucharest, Istanbul
          </option>
          <option
            value="3"
          >
            (GMT+03:00) Kuwait, Riyadh, Baghdad
          </option>
          <option
            value="3"
          >
            (GMT+03:00) Moscow, St. Petersburg, Kuwait, Nairobi
          </option>
          <option
            value="3.5"
          >
            (GMT+03:30) Tehran
          </option>
          <option
            value="4"
          >
            (GMT+04:00) Abu Dhabi, Muscat, Baku
          </option>
          <option
            value="4.5"
          >
            (GMT+04:30) Kabul
          </option>
          <option
            value="5"
          >
            (GMT+05:00) Islamabad, Karachi, Tashkent
          </option>
          <option
            value="5.5"
          >
            (GMT+05:30) Chennai, Kolkata, Mumbai, New Delhi
          </option>
          <option
            value="5.75"
          >
            (GMT+05:45) Kathmandu
          </option>
          <option
            value="6"
          >
            (GMT+06:00) Almaty, Astana, Novosibirsk
          </option>
          <option
            value="6.5"
          >
            (GMT+06:30) Yangon (Rangoon)
          </option>
          <option
            value="7"
          >
            (GMT+07:00) Bangkok, Hanoi, Jakarta
          </option>
          <option
            value="8"
          >
            (GMT+08:00) Beijing, Kuala Lumpur, Hong Kong, Singapore
          </option>
          <option
            value="9"
          >
            (GMT+09:00) Tokyo, Seoul, Osaka
          </option>
          <option
            value="9.5"
          >
            (GMT+09:30) Adelaide, Darwin
          </option>
          <option
            value="10"
          >
            (GMT+10:00) Brisbane, Canberra, Melbourne, Sydney
          </option>
          <option
            value="11"
          >
            (GMT+11:00) Magadan, Solomon Is., New Caledonia
          </option>
          <option
            value="12"
          >
            (GMT+12:00) Auckland, Wellington, Fiji
          </option>
          <option
            value="13"
          >
            (GMT+13:00) Nukualofa
          </option>
        </select>
        <label
          className="sc-htoDjs pink montserrat fw9 f5 pv2 kGbKV"
        >
          Reader, Listener or Both?
        </label>
        <section
          className="sc-fjdhpX montserrat fw4 f5 pv2 eQHpIT"
        >
          <input
            className="sc-jzJRlG fsyDfV"
            name="Read"
            type="radio"
            value="Read"
          />
          <span
            className="sc-cSHVUG bVIEwX"
          >
            Read
          </span>
        </section>
        <section
          className="sc-fjdhpX montserrat fw4 f5 pv2 eQHpIT"
        >
          <input
            className="sc-jzJRlG fsyDfV"
            name="Listen"
            type="radio"
            value="Listen"
          />
          <span
            className="sc-cSHVUG bVIEwX"
          >
            Listen
          </span>
        </section>
        <section
          className="sc-fjdhpX montserrat fw4 f5 pv2 eQHpIT"
        >
          <input
            className="sc-jzJRlG fsyDfV"
            name="Both"
            type="radio"
            value="Both"
          />
          <span
            className="sc-cSHVUG bVIEwX"
          >
            Both
          </span>
        </section>
        <label
          className="sc-htoDjs pink montserrat fw9 f5 pv2 kGbKV"
        >
          What would you like to read?
        </label>
        <p
          className="sc-kAzzGY montserrat f5 tc lh-copy jdrnSq"
        >
          Please rank the the options below in order - favourite 1st
        </p>
        <section
          className="sc-chPdSV montserrat f5 lh-copy mb3 gPRYKl"
        >
          <input
            className="sc-kgoBCf hqvUHk"
            placeholder="1"
          />
          <span
            className="sc-kGXeez ml1 clAZHx"
          >
            Several fantastic short stories
          </span>
        </section>
        <section
          className="sc-chPdSV montserrat f5 lh-copy mb3 gPRYKl"
        >
          <input
            className="sc-kgoBCf hqvUHk"
            placeholder="2"
          />
          <span
            className="sc-kGXeez ml1 clAZHx"
          >
            A wonderful novella (short novel)
          </span>
        </section>
        <section
          className="sc-chPdSV montserrat f5 lh-copy mb3 gPRYKl"
        >
          <input
            className="sc-kgoBCf hqvUHk"
            placeholder="3"
          />
          <span
            className="sc-kGXeez ml1 clAZHx"
          >
            A fascinating work of non-fiction
          </span>
        </section>
        <Link
          className="no-underline"
          to="/Form3"
        >
          <button
            className="sc-gZMcBi bg-pink hover-bg-orange white pa2 br2 w-50 h3 f3 mt4 center gTtpNx"
          >
            Continue
          </button>
        </Link>
      </form>
    </section>
  </div>,
  <footer
    className="sc-EHOje flex flex-column justify-center items-center montserrat bg-green w-100 bt bw2 b--green jvzENE"
  >
    <span
      className="sc-bZQynM flex justify-around items-center bg-white black w-100  pa2 jrqyAQ"
    >
      © Audrey
      <Link
        className="no-underline black ph1"
        to="/terms/"
      >
        Terms
      </Link>
      <Link
        className="no-underline black ph1"
        to="/privacy/"
      >
        Privacy
      </Link>
      <Link
        className="no-underline black ph1"
        to="/contact/"
      >
        Contact
      </Link>
    </span>
  </footer>,
]
`;
