// Jest Snapshot v1, https://goo.gl/fbAQLP

exports[`Header component snapshot test renders correctly 1`] = `
<header
  className="sc-bdVaJa flex items-center justify-between ph3 pv2 montserrat white bg-green vw-100 f3 z-max cYtySb"
>
  <div
    className="flex items-center"
    id="header-left"
  >
    <Link
      to="/"
    >
      <img
        alt="book icon"
        className="h2 ph2"
        src="test-file-stub"
      />
    </Link>
    <Link
      to="/"
    >
      Audrey
    </Link>
  </div>
  <nav
    className="sc-bwzfXH w-65 w-40-l montserrat f4 gQAWUv"
  >
    <section
      className="sc-htpNat montserrat jQdasv"
    >
      <Link
        to="/why/"
      >
        Why?
      </Link>
      <Link
        to="/faq/"
      >
        Questions
      </Link>
      <Link
        to="/contact/"
      >
        Contact
      </Link>
      <Link
        className="white br2 ba bw1 b--white hover-bg-pink"
        to="/Form1"
      >
        Get Started
      </Link>
    </section>
    <section
      className="sc-bxivhb igYaY"
    >
      <a
        className="dtc fr tr v-mid dn-ns p0-ns link dim white"
        onClick={[Function]}
      >
        <span
          className="db w2 mt1 mb2 bw2 pb2 bt bb b--white"
        />
        <span
          className="db w2 mt1 bw2 pb1 bt b--white"
        />
      </a>
    </section>
  </nav>
</header>
`;
