// Jest Snapshot v1, https://goo.gl/fbAQLP

exports[`Layout renders correctly 1`] = `
Array [
  <header
    className="sc-bdVaJa flex items-center justify-between ph3 montserrat white bg-green w-100 f3 chiVga"
  >
    <div
      className="flex items-center"
      id="header-left"
    >
      <img
        alt="book icon"
        className="h2 ph2"
        src="test-file-stub"
      />
      <Link
        to="/"
      >
        Audrey
      </Link>
    </div>
    <Link
      className="w-third"
      to="/Form1/"
    >
      <button
        className="sc-bZQynM bg-green hover-bg-pink pa2 mv2 white br2 w-100 f5 montserrat krNSkU"
      >
        Join Us
      </button>
    </Link>
  </header>,
  <div
    className="page-padding ph4 w-100 w-70-l center"
  />,
  <footer
    className="sc-bwzfXH flex flex-column justify-center items-center montserrat bg-green w-100 bt bw2 b--green uTxCW"
  >
    <span
      className="sc-htpNat flex justify-around items-center bg-white black w-100  pa2 jbutSu"
    >
      © Audrey
      <Link
        className="no-underline black ph1"
        to="/terms/"
      >
        Terms
      </Link>
      <Link
        className="no-underline black ph1"
        to="/privacy/"
      >
        Privacy
      </Link>
      <Link
        className="no-underline black ph1"
        to="/contact/"
      >
        Contact
      </Link>
    </span>
  </footer>,
]
`;
