// Jest Snapshot v1, https://goo.gl/fbAQLP

exports[`Layout renders correctly 1`] = `
Array [
  <header
    className="sc-bdVaJa flex items-center justify-center ph3 pv2 montserrat white bg-green w-100 f3 kMnosB"
  >
    <img
      alt="book icon"
      className="h2 ph2"
      src="test-file-stub"
    />
    Audrey
  </header>,
  <div
    className="flex flex-column items-center justify-center"
  />,
  <footer
    className="sc-bwzfXH flex flex-column justify-center items-center montserrat bg-green w-100 bFHdpU"
  >
    <span
      className="sc-htpNat flex items-center justify-around bg-green w-100 jbutSu"
    >
      <Link
        className="no-underline white ph1"
        to="/"
      >
        Home
      </Link>
      <Link
        className="no-underline white ph1"
        to="/Story/"
      >
        Our Story
      </Link>
      <Link
        className="no-underline white ph1"
        to="/FAQs/"
      >
        FAQs
      </Link>
      <Link
        className="no-underline white ph1"
        to="/contact/"
      >
        Contact Us
      </Link>
    </span>
    <span
      className="sc-bxivhb flex justify-around items-center bg-white black w-100 cHkvlR"
    >
      © Audrey
      <Link
        className="no-underline black ph1"
        to="/Terms/"
      >
        Terms
      </Link>
      <Link
        className="no-underline black ph1"
        to="/Privacy/"
      >
        Privacy
      </Link>
    </span>
  </footer>,
]
`;
