// Jest Snapshot v1, https://goo.gl/fbAQLP

exports[`thankyou page snapshot test renders correctly 1`] = `
Array [
  <header
    className="sc-bdVaJa flex items-center justify-between ph3 pv2 montserrat white bg-green w-100 f3 gzTCKs"
  >
    <div
      className="flex items-center"
      id="header-left"
    >
      <Link
        to="/"
      >
        <img
          alt="book icon"
          className="h2 ph2"
          src="test-file-stub"
        />
      </Link>
      <Link
        to="/"
      >
        Audrey
      </Link>
    </div>
    <nav
      className="sc-bwzfXH w-65 w-40-l montserrat f4 gQAWUv"
    >
      <section
        className="sc-htpNat montserrat bRYTxq"
      >
        <Link
          to="/story/"
        >
          Why?
        </Link>
        <Link
          to="/faq/"
        >
          FAQ
        </Link>
        <Link
          to="/contact/"
        >
          Contact
        </Link>
        <Link
          className="mv2 white br2 ba bw1 b--white"
          to="/Form1"
        >
          Join Us
        </Link>
      </section>
      <section
        className="sc-bxivhb igYaY"
      >
        <a
          className="dtc fr tr v-mid dn-ns p0-ns link dim white"
          onClick={[Function]}
        >
          <span
            className="db w2 mt1 mb2 bw2 pb2 bt bb b--white"
          />
          <span
            className="db w2 mt1 bw2 pb1 bt b--white"
          />
        </a>
      </section>
    </nav>
  </header>,
  <div
    className="page-padding ph4 w-100 w-70-l center"
  >
    <h1
      className="f3 pink tc montserrat mb3"
    >
      Great… you’re in… Welcome!
    </h1>
    <p
      className="sc-kAzzGY montserrat f5 tc lh-copy jdrnSq"
    >
      Thank you for completing the sign up. That’s the hard part done. Welcome to our community. We’re delighted to have you on board!
    </p>
    <p
      className="sc-kAzzGY montserrat f5 tc lh-copy jdrnSq"
    >
      We’ve received your responses and now we’ll begin the process of pairing you up with a reading partner.
    </p>
    <p
      className="sc-kAzzGY montserrat f5 tc lh-copy jdrnSq"
    >
      Expect to receive an email from us in the next day or two introducing you to your reading partner
    </p>
    <p
      className="sc-kAzzGY montserrat f5 tc lh-copy jdrnSq"
    >
      If you have any questions in the meantime, please
      <Link
        to="/contact"
      >
        contact us
      </Link>
    </p>
    <h2
      className="f3 pink tc montserrat mb3"
    >
      Help Spread The Word
    </h2>
    <p
      className="sc-kAzzGY montserrat f5 tc lh-copy jdrnSq"
    >
      Why not share the story of Audrey and help us spread the word?
    </p>
    <p
      className="sc-kAzzGY montserrat f5 tc lh-copy jdrnSq"
    >
      Have a great day!
    </p>
    <p
      className="sc-kAzzGY montserrat f5 tc lh-copy jdrnSq"
    >
      Rob and the Audrey team
    </p>
    <h3
      className="f5 pink tc montserrat mb3"
    >
      Help spread the word
    </h3>
    <p
      className="sc-kAzzGY montserrat f5 tc lh-copy jdrnSq"
    >
      Why not share the story of Audrey?
    </p>
    <img
      alt="Facebook"
      className="fl"
      src="test-file-stub"
    />
    <img
      alt="Twitter"
      className="fl"
      src="test-file-stub"
    />
    <img
      alt="Email"
      className="fl"
      src="test-file-stub"
    />
    <Link
      to="/"
    >
      <p
        className="sc-kAzzGY montserrat f5 tc lh-copy jdrnSq"
      >
        Go back to the homepage
      </p>
    </Link>
  </div>,
  <footer
    className="sc-EHOje flex flex-column justify-center items-center montserrat bg-green w-100 bt bw2 b--green jvzENE"
  >
    <span
      className="sc-bZQynM flex justify-around items-center bg-white black w-100  pa2 jrqyAQ"
    >
      © Audrey
      <Link
        className="no-underline black ph1"
        to="/terms/"
      >
        Terms
      </Link>
      <Link
        className="no-underline black ph1"
        to="/privacy/"
      >
        Privacy
      </Link>
      <Link
        className="no-underline black ph1"
        to="/contact/"
      >
        Contact
      </Link>
    </span>
  </footer>,
]
`;
